<html>
<body>
<pre>
<h1>礦ision Build Log</h1>
<h2>Project:</h2>
D:\20151003无人机及飞控相关\20180509飞控资料-大塔飞控-准备搭建一个最小固定翼飞控资料\DataCopter\DataCopter.uvproj
Project File Date:  05/11/2018

<h2>Output:</h2>
Build target 'DataCopter'
compiling DataCopter.cpp...
assembling startup_stm32f40_41xxx.s...
compiling system_stm32f4xx.c...
linking...
Program Size: Code=896 RO-data=424 RW-data=28 ZI-data=1636  
FromELF: creating hex file...
".\Build\DataCopter.axf" - 0 Error(s), 0 Warning(s).

<h2>Software Packages used:</h2>

Package Vendor: ARM
                http://www.keil.com/pack/ARM.CMSIS.3.20.4.pack
                ARM::CMSIS:CORE:3.20.0
                Cortex Microcontroller Software Interface Standard (CMSIS) CORE, DSP, RTOS, Driver
   * Component: CORE Version: 3.20.0

Package Vendor: Keil
                http://www.keil.com/pack/Keil.STM32F4xx_DFP.1.0.6.pack
                Keil::Device:Startup:1.3.0
                STMicroelectronics STM32F4 Series Device Support, Drivers and Examples
   * Component: Startup Version: 1.3.0

<h2>Collection of Component include folders:</h2>
  D:\20151003无人机及飞控相关\20180509飞控资料-大塔飞控-准备搭建一个最小固定翼飞控资料\DataCopter\RTE
  D:\20151003无人机及飞控相关\20180509飞控资料-大塔飞控-准备搭建一个最小固定翼飞控资料\DataCopter\RTE\Device\STM32F405RG
  C:\Keil_v5\ARM\PACK\ARM\CMSIS\3.20.4\CMSIS\Include
  C:\Keil_v5\ARM\PACK\Keil\STM32F4xx_DFP\1.0.6\Device\Include

<h2>Collection of Component Files used:</h2>

   * Component: ARM::CMSIS:CORE:3.20.0

   * Component: Keil::Device:Startup:1.3.0
      Source file:   Device\Source\ARM\STM32F40xxx_41xxx_OPT.s
      Source file:   Device\Source\ARM\STM32F4xx_OTP.s
      Include file:  Device\Include\stm32f4xx.h
      Source file:   Device\Source\ARM\startup_stm32f40_41xxx.s
      Source file:   Device\Source\system_stm32f4xx.c
      Include file:  RTE_Driver\Config\RTE_Device.h
Load "D:\\20151003无人机及飞控相关\\20180509飞控资料-大塔飞控-准备搭建一个最小固定翼飞控资料\\DataCopter\\Build\\DataCopter.axf" 
Set JLink Project File to "D:\20151003无人机及飞控相关\20180509飞控资料-大塔飞控-准备搭建一个最小固定翼飞控资料\DataCopter\JLinkSettings.ini"
* JLink Info: Device "STM32F405RG" selected (1024 KB flash, 128 KB RAM).
 
JLink info:
------------
DLL: V4.80g, compiled Feb 13 2014 20:50:02
Firmware: J-Link ARM V8 compiled Nov 25 2013 19:20:08
Hardware: V8.00
S/N : 17935099 
Feature(s) : RDI,FlashDL,FlashBP,JFlash 
 
* JLink Info: Found SWD-DP with ID 0x2BA01477
* JLink Info: Found SWD-DP with ID 0x2BA01477
* JLink Info: Found Cortex-M4 r0p1, Little endian.
* JLink Info: FPUnit: 6 code (BP) slots and 2 literal slots
* JLink Info: TPIU fitted.
* JLink Info: ETM fitted.
ROMTableAddr = 0xE00FF003
 
Target info:
------------
Device: STM32F405RG
VTarget = 3.300V
State of Pins: 
TCK: 0, TDI: 0, TDO: 0, TMS: 1, TRES: 1, TRST: 1
Hardware-Breakpoints: 6
Software-Breakpoints: 8192
Watchpoints:          4
JTAG speed: 200 kHz
 
Erase Done.
Programming Done.
Verify OK.
Application running ...
